        0.00000        0.00000        0.00000        0.00000
        0.00000        0.00000        0.00000        0.00000
        0.00000        0.00000        0.00000        0.00000
        0.00000        0.00000        0.00000        0.00000
        0.00000        0.00000        0.00000        0.00000
        0.00000        0.00000        0.00000        0.00000
        0.54000        0.00000        0.00000        0.00000
        0.63000        0.00000        0.00000        0.00000
        0.72000        0.00000        0.00000        0.00000
        0.81000        0.00000        0.00000        0.00000
        0.90000        0.00000        0.00000        0.00000
        0.99000        0.00000        0.00000        0.00000
        1.08000        0.00000        0.00000        0.00000
        1.17000        0.00000        0.00000        0.00000
        1.26000        0.00000        0.00000        0.00000
        1.35000        0.00000        0.00000        0.00000
        1.44000        0.00000        0.00000        0.00000
        1.53000        0.00000        0.00000        0.00000
        1.62000        0.00000        0.00000        0.00000
        1.71000        0.00000        0.00000        0.00000
        1.80000        0.00000        0.00000        0.00000
        1.89000        0.00000        0.00000        0.00000
        1.98000        0.00000        0.00000        0.00000
        2.07000        0.00000        0.00000        0.00000
        2.16000        0.00018        0.00018        0.00000
        2.25000        0.00389        0.00389        0.00000
        2.34000        0.03332        0.03332        0.00000
        2.43000        0.13067        0.13067        0.00000
        2.52000        0.23477        0.23477        0.00000
        2.61000        0.19335        0.19335        0.00000
        2.70000        0.07295        0.07295        0.00000
        2.79000        0.01259        0.01259        0.00000
        2.88000        0.00099        0.00099        0.00000
        2.97000        0.00001        0.00001        0.00000
        3.06000        0.00002        0.00002        0.00000
        3.15000        0.00071        0.00071        0.00000
        3.24000        0.00690        0.00690        0.00000
        3.33000        0.03142        0.03142        0.00000
        3.42000        0.07082        0.07082        0.00000
        3.51000        0.09207        0.09207        0.00000
        3.60000        0.09114        0.09114        0.00000
        3.69000        0.07432        0.07432        0.00000
        3.78000        0.03835        0.03835        0.00000
        3.87000        0.01015        0.01015        0.00000
        3.96000        0.00127        0.00127        0.00000
        4.05000        0.00007        0.00007        0.00000
        4.14000        0.00000        0.00000        0.00000
        4.23000        0.00000        0.00000        0.00000
        4.32000        0.00000        0.00000        0.00000
        4.41000        0.00000        0.00000        0.00000
        4.50000        0.00000        0.00000        0.00000
        4.59000        0.00000        0.00000        0.00000
        4.68000        0.00003        0.00003        0.00000
        4.77000        0.00040        0.00040        0.00000
        4.86000        0.00285        0.00285        0.00000
        4.95000        0.00894        0.00894        0.00000
        5.04000        0.01249        0.01249        0.00000
        5.13000        0.00777        0.00777        0.00000
        5.22000        0.00215        0.00215        0.00000
        5.31000        0.00026        0.00026        0.00000
        5.40000        0.00001        0.00001        0.00000
        5.49000        0.00000        0.00000        0.00000
        5.58000        0.00000        0.00000        0.00000
        5.67000        0.00000        0.00000        0.00000
        5.76000        0.00000        0.00000        0.00000
        5.85000        0.00000        0.00000        0.00000
        5.94000        0.00000        0.00000        0.00000
        6.03000        0.00000        0.00000        0.00000
        6.12000        0.00000        0.00000        0.00000
        6.21000        0.00000        0.00000        0.00000
        6.30000        0.00000        0.00000        0.00000
        6.39000        0.00000        0.00000        0.00000
        6.48000        0.00000        0.00000        0.00000
        6.57000        0.00000        0.00000        0.00000
        6.66000        0.00000        0.00000        0.00000
        6.75000        0.00000        0.00000        0.00000
        6.84000        0.00000        0.00000        0.00000
        6.93000        0.00000        0.00000        0.00000
        7.02000        0.00000        0.00000        0.00000
        7.11000        0.00000        0.00000        0.00000
        7.20000        0.00000        0.00000        0.00000
        7.29000        0.00000        0.00000        0.00000
        7.38000        0.00000        0.00000        0.00000
        7.47000        0.00000        0.00000        0.00000
        7.56000        0.00000        0.00000        0.00000
        7.65000        0.00000        0.00000        0.00000
        7.74000        0.00000        0.00000        0.00000
        7.83000        0.00000        0.00000        0.00000
        7.92000        0.00000        0.00000        0.00000
        8.01000        0.00000        0.00000        0.00000
        8.10000        0.00000        0.00000        0.00000
        8.19000        0.00000        0.00000        0.00000
        8.28000        0.00000        0.00000        0.00000
        8.37000        0.00000        0.00000        0.00000
        8.46000        0.00000        0.00000        0.00000
        8.55000        0.00000        0.00000        0.00000
        8.64000        0.00000        0.00000        0.00000
        8.73000        0.00000        0.00000        0.00000
        8.82000        0.00000        0.00000        0.00000
        8.91000        0.00000        0.00000        0.00000
        9.00000        0.00000        0.00000        0.00000
        9.09000        0.00000        0.00000        0.00000
        9.18000        0.00000        0.00000        0.00000
        9.27000        0.00000        0.00000        0.00000
        9.36000        0.00000        0.00000        0.00000
        9.45000        0.00000        0.00000        0.00000
        9.54000        0.00000        0.00000        0.00000
        9.63000        0.00000        0.00000        0.00000
        9.72000        0.00000        0.00000        0.00000
        9.81000        0.00000        0.00000        0.00000
        9.90000        0.00000        0.00000        0.00000
        9.99000        0.00000        0.00000        0.00000
       10.08000        0.00000        0.00000        0.00000
       10.17000        0.00000        0.00000        0.00000
       10.26000        0.00000        0.00000        0.00000
       10.35000        0.00000        0.00000        0.00000
       10.44000        0.00000        0.00000        0.00000
       10.53000        0.00000        0.00000        0.00000
       10.62000        0.00000        0.00000        0.00000
       10.71000        0.00000        0.00000        0.00000
       10.80000        0.00000        0.00000        0.00000
       10.89000        0.00000        0.00000        0.00000
       10.98000        0.00000        0.00000        0.00000
       11.07000        0.00000        0.00000        0.00000
       11.16000        0.00000        0.00000        0.00000
       11.25000        0.00000        0.00000        0.00000
       11.34000        0.00000        0.00000        0.00000
       11.43000        0.00000        0.00000        0.00000
       11.52000        0.00000        0.00000        0.00000
       11.61000        0.00000        0.00000        0.00000
       11.70000        0.00000        0.00000        0.00000
       11.79000        0.00000        0.00000        0.00000
       11.88000        0.00000        0.00000        0.00000
       11.97000        0.00000        0.00000        0.00000
       12.06000        0.00000        0.00000        0.00000
       12.15000        0.00000        0.00000        0.00000
       12.24000        0.00000        0.00000        0.00000
       12.33000        0.00000        0.00000        0.00000
       12.42000        0.00000        0.00000        0.00000
       12.51000        0.00000        0.00000        0.00000
       12.60000        0.00000        0.00000        0.00000
       12.69000        0.00000        0.00000        0.00000
       12.78000        0.00000        0.00000        0.00000
       12.87000        0.00000        0.00000        0.00000
       12.96000        0.00000        0.00000        0.00000
       13.05000        0.00000        0.00000        0.00000
       13.14000        0.00000        0.00000        0.00000
       13.23000        0.00000        0.00000        0.00000
       13.32000        0.00000        0.00000        0.00000
       13.41000        0.00000        0.00000        0.00000
       13.50000        0.00000        0.00000        0.00000
       13.59000        0.00000        0.00000        0.00000
       13.68000        0.00000        0.00000        0.00000
       13.77000        0.00000        0.00000        0.00000
       13.86000        0.00000        0.00000        0.00000
       13.95000        0.00000        0.00000        0.00000
       14.04000        0.00000        0.00000        0.00000
       14.13000        0.00000        0.00000        0.00000
       14.22000        0.00000        0.00000        0.00000
       14.31000        0.00000        0.00000        0.00000
       14.40000        0.00000        0.00000        0.00000
       14.49000        0.00000        0.00000        0.00000
       14.58000        0.00000        0.00000        0.00000
       14.67000        0.00000        0.00000        0.00000
       14.76000        0.00000        0.00000        0.00000
       14.85000        0.00000        0.00000        0.00000
       14.94000        0.00000        0.00000        0.00000
       15.03000        0.00000        0.00000        0.00000
       15.12000        0.00000        0.00000        0.00000
       15.21000        0.00000        0.00000        0.00000
       15.30000        0.00000        0.00000        0.00000
       15.39000        0.00000        0.00000        0.00000
       15.48000        0.00000        0.00000        0.00000
       15.57000        0.00000        0.00000        0.00000
       15.66000        0.00000        0.00000        0.00000
       15.75000        0.00000        0.00000        0.00000
       15.84000        0.00000        0.00000        0.00000
       15.93000        0.00000        0.00000        0.00000
       16.02000        0.00000        0.00000        0.00000
       16.11000        0.00000        0.00000        0.00000
       16.20000        0.00000        0.00000        0.00000
       16.29000        0.00000        0.00000        0.00000
       16.38000        0.00000        0.00000        0.00000
       16.47000        0.00000        0.00000        0.00000
       16.56000        0.00000        0.00000        0.00000
       16.65000        0.00000        0.00000        0.00000
       16.74000        0.00000        0.00000        0.00000
       16.83000        0.00000        0.00000        0.00000
       16.92000        0.00000        0.00000        0.00000
       17.01000        0.00000        0.00000        0.00000
       17.10000        0.00000        0.00000        0.00000
       17.19000        0.00000        0.00000        0.00000
       17.28000        0.00000        0.00000        0.00000
       17.37000        0.00000        0.00000        0.00000
       17.46000        0.00000        0.00000        0.00000
       17.55000        0.00000        0.00000        0.00000
       17.64000        0.00000        0.00000        0.00000
       17.73000        0.00000        0.00000        0.00000
       17.82000        0.00000        0.00000        0.00000
       17.91000        0.00000        0.00000        0.00000
       18.00000        0.00000        0.00000        0.00000
       18.09000        0.00000        0.00000        0.00000
       18.18000        0.00000        0.00000        0.00000
       18.27000        0.00000        0.00000        0.00000
       18.36000        0.00000        0.00000        0.00000
       18.45000        0.00000        0.00000        0.00000
       18.54000        0.00000        0.00000        0.00000
       18.63000        0.00000        0.00000        0.00000
       18.72000        0.00000        0.00000        0.00000
       18.81000        0.00000        0.00000        0.00000
       18.90000        0.00000        0.00000        0.00000
       18.99000        0.00000        0.00000        0.00000
       19.08000        0.00000        0.00000        0.00000
       19.17000        0.00000        0.00000        0.00000
       19.26000        0.00000        0.00000        0.00000
       19.35000        0.00000        0.00000        0.00000
       19.44000        0.00000        0.00000        0.00000
       19.53000        0.00000        0.00000        0.00000
       19.62000        0.00000        0.00000        0.00000
       19.71000        0.00000        0.00000        0.00000
       19.80000        0.00000        0.00000        0.00000
       19.89000        0.00000        0.00000        0.00000
       19.98000        0.00000        0.00000        0.00000
       20.07000        0.00000        0.00000        0.00000
       20.16000        0.00000        0.00000        0.00000
       20.25000        0.00000        0.00000        0.00000
       20.34000        0.00000        0.00000        0.00000
       20.43000        0.00000        0.00000        0.00000
       20.52000        0.00000        0.00000        0.00000
       20.61000        0.00000        0.00000        0.00000
       20.70000        0.00000        0.00000        0.00000
       20.79000        0.00000        0.00000        0.00000
       20.88000        0.00000        0.00000        0.00000
       20.97000        0.00000        0.00000        0.00000
       21.06000        0.00000        0.00000        0.00000
       21.15000        0.00000        0.00000        0.00000
       21.24000        0.00000        0.00000        0.00000
       21.33000        0.00000        0.00000        0.00000
       21.42000        0.00000        0.00000        0.00000
       21.51000        0.00000        0.00000        0.00000
       21.60000        0.00000        0.00000        0.00000
       21.69000        0.00000        0.00000        0.00000
       21.78000        0.00000        0.00000        0.00000
       21.87000        0.00000        0.00000        0.00000
       21.96000        0.00000        0.00000        0.00000
       22.05000        0.00000        0.00000        0.00000
       22.14000        0.00000        0.00000        0.00000
       22.23000        0.00000        0.00000        0.00000
       22.32000        0.00000        0.00000        0.00000
       22.41000        0.00000        0.00000        0.00000
       22.50000        0.00000        0.00000        0.00000
       22.59000        0.00000        0.00000        0.00000
       22.68000        0.00000        0.00000        0.00000
       22.77000        0.00000        0.00000        0.00000
       22.86000        0.00000        0.00000        0.00000
       22.95000        0.00000        0.00000        0.00000
       23.04000        0.00000        0.00000        0.00000
       23.13000        0.00000        0.00000        0.00000
       23.22000        0.00000        0.00000        0.00000
       23.31000        0.00000        0.00000        0.00000
       23.40000        0.00000        0.00000        0.00000
       23.49000        0.00000        0.00000        0.00000
       23.58000        0.00000        0.00000        0.00000
       23.67000        0.00000        0.00000        0.00000
       23.76000        0.00000        0.00000        0.00000
       23.85000        0.00000        0.00000        0.00000
       23.94000        0.00000        0.00000        0.00000
       24.03000        0.00000        0.00000        0.00000
       24.12000        0.00000        0.00000        0.00000
       24.21000        0.00000        0.00000        0.00000
       24.30000        0.00000        0.00000        0.00000
       24.39000        0.00000        0.00000        0.00000
       24.48000        0.00000        0.00000        0.00000
       24.57000        0.00000        0.00000        0.00000
       24.66000        0.00000        0.00000        0.00000
       24.75000        0.00000        0.00000        0.00000
       24.84000        0.00000        0.00000        0.00000
       24.93000        0.00000        0.00000        0.00000
       25.02000        0.00000        0.00000        0.00000
       25.11000        0.00000        0.00000        0.00000
       25.20000        0.00000        0.00000        0.00000
       25.29000        0.00000        0.00000        0.00000
       25.38000        0.00000        0.00000        0.00000
       25.47000        0.00000        0.00000        0.00000
       25.56000        0.00000        0.00000        0.00000
       25.65000        0.00000        0.00000        0.00000
       25.74000        0.00000        0.00000        0.00000
       25.83000        0.00000        0.00000        0.00000
       25.92000        0.00000        0.00000        0.00000
       26.01000        0.00000        0.00000        0.00000
       26.10000        0.00000        0.00000        0.00000
       26.19000        0.00000        0.00000        0.00000
       26.28000        0.00000        0.00000        0.00000
       26.37000        0.00000        0.00000        0.00000
       26.46000        0.00000        0.00000        0.00000
       26.55000        0.00000        0.00000        0.00000
       26.64000        0.00000        0.00000        0.00000
       26.73000        0.00000        0.00000        0.00000
       26.82000        0.00000        0.00000        0.00000
       26.91000        0.00000        0.00000        0.00000
       27.00000        0.00000        0.00000        0.00000
       27.09000        0.00000        0.00000        0.00000
       27.18000        0.00000        0.00000        0.00000
       27.27000        0.00000        0.00000        0.00000
       27.36000        0.00000        0.00000        0.00000
       27.45000        0.00000        0.00000        0.00000
       27.54000        0.00000        0.00000        0.00000
       27.63000        0.00000        0.00000        0.00000
       27.72000        0.00000        0.00000        0.00000
       27.81000        0.00000        0.00000        0.00000
       27.90000        0.00000        0.00000        0.00000
       27.99000        0.00000        0.00000        0.00000
       28.08000        0.00000        0.00000        0.00000
       28.17000        0.00000        0.00000        0.00000
       28.26000        0.00000        0.00000        0.00000
       28.35000        0.00000        0.00000        0.00000
       28.44000        0.00000        0.00000        0.00000
       28.53000        0.00000        0.00000        0.00000
       28.62000        0.00000        0.00000        0.00000
       28.71000        0.00000        0.00000        0.00000
       28.80000        0.00000        0.00000        0.00000
       28.89000        0.00000        0.00000        0.00000
       28.98000        0.00000        0.00000        0.00000
       29.07000        0.00000        0.00000        0.00000
       29.16000        0.00000        0.00000        0.00000
       29.25000        0.00000        0.00000        0.00000
       29.34000        0.00000        0.00000        0.00000
       29.43000        0.00000        0.00000        0.00000
       29.52000        0.00000        0.00000        0.00000
       29.61000        0.00000        0.00000        0.00000
       29.70000        0.00000        0.00000        0.00000
       29.79000        0.00000        0.00000        0.00000
       29.88000        0.00000        0.00000        0.00000
       29.97000        0.00000        0.00000        0.00000
       30.06000        0.00000        0.00000        0.00000
       30.15000        0.00000        0.00000        0.00000
       30.24000        0.00000        0.00000        0.00000
       30.33000        0.00000        0.00000        0.00000
       30.42000        0.00000        0.00000        0.00000
       30.51000        0.00000        0.00000        0.00000
       30.60000        0.00000        0.00000        0.00000
       30.69000        0.00000        0.00000        0.00000
       30.78000        0.00000        0.00000        0.00000
       30.87000        0.00000        0.00000        0.00000
       30.96000        0.00000        0.00000        0.00000
       31.05000        0.00000        0.00000        0.00000
       31.14000        0.00000        0.00000        0.00000
       31.23000        0.00000        0.00000        0.00000
       31.32000        0.00000        0.00000        0.00000
       31.41000        0.00000        0.00000        0.00000
       31.50000        0.00000        0.00000        0.00000
       31.59000        0.00000        0.00000        0.00000
       31.68000        0.00000        0.00000        0.00000
       31.77000        0.00000        0.00000        0.00000
       31.86000        0.00000        0.00000        0.00000
       31.95000        0.00000        0.00000        0.00000
       32.04000        0.00000        0.00000        0.00000
       32.13000        0.00000        0.00000        0.00000
       32.22000        0.00000        0.00000        0.00000
       32.31000        0.00000        0.00000        0.00000
       32.40000        0.00000        0.00000        0.00000
       32.49000        0.00000        0.00000        0.00000
       32.58000        0.00000        0.00000        0.00000
       32.67000        0.00000        0.00000        0.00000
       32.76000        0.00000        0.00000        0.00000
       32.85000        0.00000        0.00000        0.00000
       32.94000        0.00000        0.00000        0.00000
       33.03000        0.00000        0.00000        0.00000
       33.12000        0.00000        0.00000        0.00000
       33.21000        0.00000        0.00000        0.00000
       33.30000        0.00000        0.00000        0.00000
       33.39000        0.00000        0.00000        0.00000
       33.48000        0.00000        0.00000        0.00000
       33.57000        0.00000        0.00000        0.00000
       33.66000        0.00000        0.00000        0.00000
       33.75000        0.00000        0.00000        0.00000
       33.84000        0.00000        0.00000        0.00000
       33.93000        0.00000        0.00000        0.00000
       34.02000        0.00000        0.00000        0.00000
       34.11000        0.00000        0.00000        0.00000
       34.20000        0.00000        0.00000        0.00000
       34.29000        0.00000        0.00000        0.00000
       34.38000        0.00000        0.00000        0.00000
       34.47000        0.00000        0.00000        0.00000
       34.56000        0.00000        0.00000        0.00000
       34.65000        0.00000        0.00000        0.00000
       34.74000        0.00000        0.00000        0.00000
       34.83000        0.00000        0.00000        0.00000
       34.92000        0.00000        0.00000        0.00000
       35.01000        0.00000        0.00000        0.00000
       35.10000        0.00000        0.00000        0.00000
       35.19000        0.00000        0.00000        0.00000
       35.28000        0.00000        0.00000        0.00000
       35.37000        0.00000        0.00000        0.00000
       35.46000        0.00000        0.00000        0.00000
       35.55000        0.00000        0.00000        0.00000
       35.64000        0.00000        0.00000        0.00000
       35.73000        0.00000        0.00000        0.00000
       35.82000        0.00000        0.00000        0.00000
       35.91000        0.00000        0.00000        0.00000
       36.00000        0.00000        0.00000        0.00000
       36.09000        0.00000        0.00000        0.00000
       36.18000        0.00000        0.00000        0.00000
       36.27000        0.00000        0.00000        0.00000
       36.36000        0.00000        0.00000        0.00000
       36.45000        0.00000        0.00000        0.00000
       36.54000        0.00000        0.00000        0.00000
       36.63000        0.00000        0.00000        0.00000
       36.72000        0.00000        0.00000        0.00000
       36.81000        0.00000        0.00000        0.00000
       36.90000        0.00000        0.00000        0.00000
       36.99000        0.00000        0.00000        0.00000
       37.08000        0.00000        0.00000        0.00000
       37.17000        0.00000        0.00000        0.00000
       37.26000        0.00000        0.00000        0.00000
       37.35000        0.00000        0.00000        0.00000
       37.44000        0.00000        0.00000        0.00000
       37.53000        0.00000        0.00000        0.00000
       37.62000        0.00000        0.00000        0.00000
       37.71000        0.00000        0.00000        0.00000
